this is a test log file.
2nd line.
